// Jest Snapshot v1, https://goo.gl/fbAQLP

exports[`Description Page renders as expected 1`] = `
"<styled.div>
  <styled.div>
    <div>
      elo
    </div>
    <styled.span>
      <i className=\\"Icon Icon--search\\" />
    </styled.span>
    <styled.span>
      <i className=\\"Icon Icon--people\\" />
    </styled.span>
    <styled.span>
      <i className=\\"Icon Icon--reply\\" />
    </styled.span>
  </styled.div>
  <styled.div>
    <styled.span>
      Follow your interests.
    </styled.span>
    <styled.span>
      Hear what people are talking about.
    </styled.span>
    <styled.span>
      Join the conversation.
    </styled.span>
  </styled.div>
</styled.div>"
`;
