// Jest Snapshot v1, https://goo.gl/fbAQLP

exports[`Login Panel should render as expected 1`] = `
"<styled.div>
  <styled.input type=\\"text\\" placeholder=\\"Phone, email, or username\\" value={[undefined]} onChange={[Function: handleLoginChange]} />
  <styled.div>
    <styled.input type=\\"password\\" placeholder=\\"Password\\" value={[undefined]} onChange={[Function: handlePasswordChange]} />
    <styled.a href=\\"/begin_password_reset\\">
      Forgot password?
    </styled.a>
  </styled.div>
  <styled.button onClick={[Function: handleLogIn]}>
    Log in
  </styled.button>
</styled.div>"
`;
