// Jest Snapshot v1, https://goo.gl/fbAQLP

exports[`Login Panel should render as expected 1`] = `
<div
  className="sc-bdVaJa dJRLBJ"
>
  <input
    className="sc-htpNat cvMTL"
    onChange={[Function]}
    placeholder="Phone, email, or username"
    type="text"
    value="admin"
  />
  <div
    className="sc-bwzfXH bRskXu"
  >
    <input
      className="sc-htpNat cvMTL"
      onChange={[Function]}
      placeholder="Password"
      type="password"
      value="password"
    />
    <a
      className="sc-bxivhb fjBXtV"
      href="/begin_password_reset"
    >
      Forgot password?
    </a>
  </div>
  <button
    className="sc-ifAKCX bwavoa"
    onClick={[Function]}
  >
    Log in
  </button>
</div>
`;
